// Jest Snapshot v1, https://goo.gl/fbAQLP

exports[`GlasswallLogo_Snapshot 1`] = `
<div
  className="logo"
  data-testid="logoDiv"
/>
`;
